// Jest Snapshot v1, https://goo.gl/fbAQLP

exports[`Render Display correctly 1`] = `
<div
  className="main-section_number-output"
>
  <input
    className="main-section_number-output-input"
    disabled={true}
    type="text"
    value="0"
  />
</div>
`;
